dataset/UKhousing/reading.csv
"Name","URI","Region GSS code","Period","Sales volume","Reporting period","Average price All property types","Average price Detached houses","Average price Semi-detached houses","Average price Terraced houses","Average price Flats and maisonettes","Pivotable date"
Reading,http://landregistry.data.gov.uk/id/region/reading,E06000038,2004-01,301,monthly,161621,324056,194840,152717,132167,2004-01-01
Reading,http://landregistry.data.gov.uk/id/region/reading,E06000038,2004-02,272,monthly,162420,324096,195395,153519,133217,2004-02-01
Reading,http://landregistry.data.gov.uk/id/region/reading,E06000038,2004-03,301,monthly,163496,326078,196356,154721,134029,2004-03-01
Reading,http://landregistry.data.gov.uk/id/region/reading,E06000038,2004-04,366,monthly,165431,326302,198580,157325,135310,2004-04-01
Reading,http://landregistry.data.gov.uk/id/region/reading,E06000038,2004-05,358,monthly,168691,329502,202202,161023,137912,2004-05-01
Reading,http://landregistry.data.gov.uk/id/region/reading,E06000038,2004-06,394,monthly,171737,332774,205779,164101,140577,2004-06-01
Reading,http://landregistry.data.gov.uk/id/region/reading,E06000038,2004-07,455,monthly,171989,333268,206483,164477,140427,2004-07-01
Reading,http://landregistry.data.gov.uk/id/region/reading,E06000038,2004-08,359,monthly,173271,336874,208291,165853,141053,2004-08-01
Reading,http://landregistry.data.gov.uk/id/region/reading,E06000038,2004-09,364,monthly,175890,343953,211930,168439,142605,2004-09-01
Reading,http://landregistry.data.gov.uk/id/region/reading,E06000038,2004-10,331,monthly,178279,347664,214047,170405,145388,2004-10-01
Reading,http://landregistry.data.gov.uk/id/region/reading,E06000038,2004-11,320,monthly,180141,350763,215977,171885,147430,2004-11-01
Reading,http://landregistry.data.gov.uk/id/region/reading,E06000038,2004-12,307,monthly,178645,345372,213518,170450,146870,2004-12-01
Reading,http://landregistry.data.gov.uk/id/region/reading,E06000038,2005-01,200,monthly,175400,338968,209156,167412,144434,2005-01-01
Reading,http://landregistry.data.gov.uk/id/region/reading,E06000038,2005-02,219,monthly,174893,337272,208654,166834,144163,2005-02-01
Reading,http://landregistry.data.gov.uk/id/region/reading,E06000038,2005-03,219,monthly,174755,337389,208850,166683,143833,2005-03-01
Reading,http://landregistry.data.gov.uk/id/region/reading,E06000038,2005-04,300,monthly,177526,340908,212680,169562,145761,2005-04-01
Reading,http://landregistry.data.gov.uk/id/region/reading,E06000038,2005-05,304,monthly,176268,338163,211002,168649,144525,2005-05-01
Reading,http://landregistry.data.gov.uk/id/region/reading,E06000038,2005-06,326,monthly,178691,341096,213720,171376,146376,2005-06-01
Reading,http://landregistry.data.gov.uk/id/region/reading,E06000038,2005-07,288,monthly,180970,346591,216807,173586,147814,2005-07-01
Reading,http://landregistry.data.gov.uk/id/region/reading,E06000038,2005-08,323,monthly,182802,350644,219048,175613,148867,2005-08-01
Reading,http://landregistry.data.gov.uk/id/region/reading,E06000038,2005-09,297,monthly,181781,350579,218007,174578,147702,2005-09-01
Reading,http://landregistry.data.gov.uk/id/region/reading,E06000038,2005-10,301,monthly,178498,343833,213450,171316,145624,2005-10-01
Reading,http://landregistry.data.gov.uk/id/region/reading,E06000038,2005-11,297,monthly,179585,345302,214885,172159,146764,2005-11-01
Reading,http://landregistry.data.gov.uk/id/region/reading,E06000038,2005-12,292,monthly,179395,342650,214123,171945,147338,2005-12-01
Reading,http://landregistry.data.gov.uk/id/region/reading,E06000038,2006-01,246,monthly,179913,343701,214647,172879,147274,2006-01-01
Reading,http://landregistry.data.gov.uk/id/region/reading,E06000038,2006-02,268,monthly,177363,337702,211177,170564,145481,2006-02-01
Reading,http://landregistry.data.gov.uk/id/region/reading,E06000038,2006-03,330,monthly,176837,338215,211002,170227,144322,2006-03-01
Reading,http://landregistry.data.gov.uk/id/region/reading,E06000038,2006-04,284,monthly,179806,342724,214791,173103,146739,2006-04-01
Reading,http://landregistry.data.gov.uk/id/region/reading,E06000038,2006-05,280,monthly,180797,344897,216292,174042,147309,2006-05-01
Reading,http://landregistry.data.gov.uk/id/region/reading,E06000038,2006-06,370,monthly,183877,349203,219949,177218,149815,2006-06-01
Reading,http://landregistry.data.gov.uk/id/region/reading,E06000038,2006-07,342,monthly,185637,352942,222053,179194,150836,2006-07-01
Reading,http://landregistry.data.gov.uk/id/region/reading,E06000038,2006-08,381,monthly,188877,359360,225809,182833,152863,2006-08-01
Reading,http://landregistry.data.gov.uk/id/region/reading,E06000038,2006-09,449,monthly,192067,367203,229810,185915,155052,2006-09-01
Reading,http://landregistry.data.gov.uk/id/region/reading,E06000038,2006-10,384,monthly,194360,371644,232351,188090,157083,2006-10-01
Reading,http://landregistry.data.gov.uk/id/region/reading,E06000038,2006-11,372,monthly,196591,376021,235302,190113,158852,2006-11-01
Reading,http://landregistry.data.gov.uk/id/region/reading,E06000038,2006-12,379,monthly,196449,373673,234757,190204,159022,2006-12-01
Reading,http://landregistry.data.gov.uk/id/region/reading,E06000038,2007-01,319,monthly,197335,376055,236073,190996,159543,2007-01-01
Reading,http://landregistry.data.gov.uk/id/region/reading,E06000038,2007-02,259,monthly,200706,382067,239780,194007,162739,2007-02-01
Reading,http://landregistry.data.gov.uk/id/region/reading,E06000038,2007-03,353,monthly,203643,388632,243521,196986,164679,2007-03-01
Reading,http://landregistry.data.gov.uk/id/region/reading,E06000038,2007-04,335,monthly,204850,389193,244562,198584,165705,2007-04-01
Reading,http://landregistry.data.gov.uk/id/region/reading,E06000038,2007-05,337,monthly,204439,387103,243848,198598,165279,2007-05-01
Reading,http://landregistry.data.gov.uk/id/region/reading,E06000038,2007-06,397,monthly,207285,391973,246998,201525,167633,2007-06-01
Reading,http://landregistry.data.gov.uk/id/region/reading,E06000038,2007-07,391,monthly,210674,400314,251372,204781,169953,2007-07-01
Reading,http://landregistry.data.gov.uk/id/region/reading,E06000038,2007-08,375,monthly,212541,405985,253981,207008,170553,2007-08-01
Reading,http://landregistry.data.gov.uk/id/region/reading,E06000038,2007-09,297,monthly,212228,407221,253777,206446,170199,2007-09-01
Reading,http://landregistry.data.gov.uk/id/region/reading,E06000038,2007-10,313,monthly,213649,410059,254848,207738,171763,2007-10-01
Reading,http://landregistry.data.gov.uk/id/region/reading,E06000038,2007-11,295,monthly,216040,415272,257638,209504,174176,2007-11-01
Reading,http://landregistry.data.gov.uk/id/region/reading,E06000038,2007-12,246,monthly,216724,415674,258282,210212,174906,2007-12-01
Reading,http://landregistry.data.gov.uk/id/region/reading,E06000038,2008-01,228,monthly,215958,415612,257759,209121,174213,2008-01-01
Reading,http://landregistry.data.gov.uk/id/region/reading,E06000038,2008-02,217,monthly,212315,408935,253605,205579,171129,2008-02-01
Reading,http://landregistry.data.gov.uk/id/region/reading,E06000038,2008-03,191,monthly,209830,405421,251276,203277,168439,2008-03-01
Reading,http://landregistry.data.gov.uk/id/region/reading,E06000038,2008-04,238,monthly,205776,397685,246567,199848,164545,2008-04-01
Reading,http://landregistry.data.gov.uk/id/region/reading,E06000038,2008-05,205,monthly,204722,394995,245476,199115,163381,2008-05-01
Reading,http://landregistry.data.gov.uk/id/region/reading,E06000038,2008-06,203,monthly,203217,392084,243600,197721,162150,2008-06-01
Reading,http://landregistry.data.gov.uk/id/region/reading,E06000038,2008-07,136,monthly,202380,390437,242987,196650,161523,2008-07-01
Reading,http://landregistry.data.gov.uk/id/region/reading,E06000038,2008-08,160,monthly,199268,385691,239074,193576,159011,2008-08-01
Reading,http://landregistry.data.gov.uk/id/region/reading,E06000038,2008-09,136,monthly,197059,384494,236168,191280,157107,2008-09-01
Reading,http://landregistry.data.gov.uk/id/region/reading,E06000038,2008-10,146,monthly,189940,371007,227256,184261,151720,2008-10-01
Reading,http://landregistry.data.gov.uk/id/region/reading,E06000038,2008-11,94,monthly,183775,359456,220049,178124,146787,2008-11-01
Reading,http://landregistry.data.gov.uk/id/region/reading,E06000038,2008-12,134,monthly,180035,350065,215739,174790,143697,2008-12-01
Reading,http://landregistry.data.gov.uk/id/region/reading,E06000038,2009-01,86,monthly,176087,343800,210879,170716,140676,2009-01-01
Reading,http://landregistry.data.gov.uk/id/region/reading,E06000038,2009-02,93,monthly,179700,350777,214928,173684,144385,2009-02-01
Reading,http://landregistry.data.gov.uk/id/region/reading,E06000038,2009-03,138,monthly,177688,347051,211990,171203,143724,2009-03-01
Reading,http://landregistry.data.gov.uk/id/region/reading,E06000038,2009-04,143,monthly,178822,346756,213697,172567,144612,2009-04-01
Reading,http://landregistry.data.gov.uk/id/region/reading,E06000038,2009-05,147,monthly,177707,343155,212670,172408,142822,2009-05-01
Reading,http://landregistry.data.gov.uk/id/region/reading,E06000038,2009-06,217,monthly,177084,341777,212587,172586,141133,2009-06-01
Reading,http://landregistry.data.gov.uk/id/region/reading,E06000038,2009-07,217,monthly,180827,350659,217658,176862,142806,2009-07-01
Reading,http://landregistry.data.gov.uk/id/region/reading,E06000038,2009-08,199,monthly,183011,356584,220651,179474,143509,2009-08-01
Reading,http://landregistry.data.gov.uk/id/region/reading,E06000038,2009-09,237,monthly,184185,359873,222326,180650,144065,2009-09-01
Reading,http://landregistry.data.gov.uk/id/region/reading,E06000038,2009-10,230,monthly,184546,360851,223041,180945,144191,2009-10-01
Reading,http://landregistry.data.gov.uk/id/region/reading,E06000038,2009-11,190,monthly,183857,360128,222273,180493,143278,2009-11-01
Reading,http://landregistry.data.gov.uk/id/region/reading,E06000038,2009-12,298,monthly,186418,363344,226017,183579,144647,2009-12-01
Reading,http://landregistry.data.gov.uk/id/region/reading,E06000038,2010-01,109,monthly,189031,370692,229597,186862,145330,2010-01-01
Reading,http://landregistry.data.gov.uk/id/region/reading,E06000038,2010-02,140,monthly,190649,374406,232476,188733,145693,2010-02-01
Reading,http://landregistry.data.gov.uk/id/region/reading,E06000038,2010-03,152,monthly,191430,379258,233275,189156,146207,2010-03-01
Reading,http://landregistry.data.gov.uk/id/region/reading,E06000038,2010-04,187,monthly,190572,376051,232342,188078,146007,2010-04-01
Reading,http://landregistry.data.gov.uk/id/region/reading,E06000038,2010-05,140,monthly,192076,378985,233913,189279,147641,2010-05-01
Reading,http://landregistry.data.gov.uk/id/region/reading,E06000038,2010-06,200,monthly,194962,383702,237592,192633,149401,2010-06-01
Reading,http://landregistry.data.gov.uk/id/region/reading,E06000038,2010-07,206,monthly,197473,390412,240720,195383,150662,2010-07-01
Reading,http://landregistry.data.gov.uk/id/region/reading,E06000038,2010-08,204,monthly,197078,391468,240926,195094,149435,2010-08-01
Reading,http://landregistry.data.gov.uk/id/region/reading,E06000038,2010-09,200,monthly,197420,394867,241585,195150,149298,2010-09-01
Reading,http://landregistry.data.gov.uk/id/region/reading,E06000038,2010-10,187,monthly,196348,392988,240335,193898,148597,2010-10-01
Reading,http://landregistry.data.gov.uk/id/region/reading,E06000038,2010-11,164,monthly,196588,394191,240298,193735,149280,2010-11-01
Reading,http://landregistry.data.gov.uk/id/region/reading,E06000038,2010-12,158,monthly,194900,390234,238488,191902,148116,2010-12-01
Reading,http://landregistry.data.gov.uk/id/region/reading,E06000038,2011-01,132,monthly,195760,393224,239502,192474,148840,2011-01-01
Reading,http://landregistry.data.gov.uk/id/region/reading,E06000038,2011-02,119,monthly,193517,389563,236574,190528,146822,2011-02-01
Reading,http://landregistry.data.gov.uk/id/region/reading,E06000038,2011-03,146,monthly,194238,393623,237260,190971,147307,2011-03-01
Reading,http://landregistry.data.gov.uk/id/region/reading,E06000038,2011-04,152,monthly,193267,391099,235985,190129,146599,2011-04-01
Reading,http://landregistry.data.gov.uk/id/region/reading,E06000038,2011-05,137,monthly,192531,387171,234968,189193,146718,2011-05-01
Reading,http://landregistry.data.gov.uk/id/region/reading,E06000038,2011-06,164,monthly,190934,380095,233098,188131,145533,2011-06-01
Reading,http://landregistry.data.gov.uk/id/region/reading,E06000038,2011-07,259,monthly,192547,382258,234946,189694,147031,2011-07-01
Reading,http://landregistry.data.gov.uk/id/region/reading,E06000038,2011-08,200,monthly,194221,387504,237749,191728,147122,2011-08-01
Reading,http://landregistry.data.gov.uk/id/region/reading,E06000038,2011-09,185,monthly,195450,392484,239465,192978,147485,2011-09-01
Reading,http://landregistry.data.gov.uk/id/region/reading,E06000038,2011-10,169,monthly,193419,390116,237780,190926,145222,2011-10-01
Reading,http://landregistry.data.gov.uk/id/region/reading,E06000038,2011-11,161,monthly,195922,394823,240516,193105,147670,2011-11-01
Reading,http://landregistry.data.gov.uk/id/region/reading,E06000038,2011-12,199,monthly,195568,392446,240334,192545,147713,2011-12-01
Reading,http://landregistry.data.gov.uk/id/region/reading,E06000038,2012-01,157,monthly,196957,394217,242153,194207,148549,2012-01-01
Reading,http://landregistry.data.gov.uk/id/region/reading,E06000038,2012-02,141,monthly,194283,389423,239200,191777,146022,2012-02-01
Reading,http://landregistry.data.gov.uk/id/region/reading,E06000038,2012-03,244,monthly,197067,393603,242369,194754,148285,2012-03-01
Reading,http://landregistry.data.gov.uk/id/region/reading,E06000038,2012-04,102,monthly,197238,393464,242167,194793,148892,2012-04-01
Reading,http://landregistry.data.gov.uk/id/region/reading,E06000038,2012-05,149,monthly,199719,396770,244945,197380,151048,2012-05-01
Reading,http://landregistry.data.gov.uk/id/region/reading,E06000038,2012-06,146,monthly,199405,396228,244383,197650,150166,2012-06-01
Reading,http://landregistry.data.gov.uk/id/region/reading,E06000038,2012-07,186,monthly,202019,401823,247515,200484,151788,2012-07-01
Reading,http://landregistry.data.gov.uk/id/region/reading,E06000038,2012-08,222,monthly,202893,404082,248887,201668,151787,2012-08-01
Reading,http://landregistry.data.gov.uk/id/region/reading,E06000038,2012-09,168,monthly,202807,405546,248715,201414,151653,2012-09-01
Reading,http://landregistry.data.gov.uk/id/region/reading,E06000038,2012-10,214,monthly,201744,402434,247561,200516,150769,2012-10-01
Reading,http://landregistry.data.gov.uk/id/region/reading,E06000038,2012-11,198,monthly,200791,400582,246244,199486,150231,2012-11-01
Reading,http://landregistry.data.gov.uk/id/region/reading,E06000038,2012-12,204,monthly,202174,403576,248515,200667,151152,2012-12-01
Reading,http://landregistry.data.gov.uk/id/region/reading,E06000038,2013-01,167,monthly,202705,405949,249791,201109,151075,2013-01-01
Reading,http://landregistry.data.gov.uk/id/region/reading,E06000038,2013-02,164,monthly,203790,408622,251234,202152,151743,2013-02-01
Reading,http://landregistry.data.gov.uk/id/region/reading,E06000038,2013-03,182,monthly,203108,408219,250113,201114,151593,2013-03-01
Reading,http://landregistry.data.gov.uk/id/region/reading,E06000038,2013-04,185,monthly,205542,412418,252448,203659,153694,2013-04-01
Reading,http://landregistry.data.gov.uk/id/region/reading,E06000038,2013-05,220,monthly,205597,411590,252541,203716,153857,2013-05-01
Reading,http://landregistry.data.gov.uk/id/region/reading,E06000038,2013-06,240,monthly,207440,413550,254982,206111,154785,2013-06-01
Reading,http://landregistry.data.gov.uk/id/region/reading,E06000038,2013-07,239,monthly,207255,412937,254729,206116,154493,2013-07-01
Reading,http://landregistry.data.gov.uk/id/region/reading,E06000038,2013-08,297,monthly,212164,423235,261113,211118,157771,2013-08-01
Reading,http://landregistry.data.gov.uk/id/region/reading,E06000038,2013-09,267,monthly,212736,426425,261722,211519,158124,2013-09-01
Reading,http://landregistry.data.gov.uk/id/region/reading,E06000038,2013-10,253,monthly,212832,428270,262294,211226,158151,2013-10-01
Reading,http://landregistry.data.gov.uk/id/region/reading,E06000038,2013-11,262,monthly,211231,425081,260069,209681,157031,2013-11-01
Reading,http://landregistry.data.gov.uk/id/region/reading,E06000038,2013-12,261,monthly,212234,424305,261412,210776,158028,2013-12-01
Reading,http://landregistry.data.gov.uk/id/region/reading,E06000038,2014-01,252,monthly,215642,430450,265509,214137,160738,2014-01-01
Reading,http://landregistry.data.gov.uk/id/region/reading,E06000038,2014-02,183,monthly,218100,435728,268778,216400,162625,2014-02-01
Reading,http://landregistry.data.gov.uk/id/region/reading,E06000038,2014-03,196,monthly,220503,441062,272004,218619,164360,2014-03-01
Reading,http://landregistry.data.gov.uk/id/region/reading,E06000038,2014-04,221,monthly,223542,445770,275712,221837,166610,2014-04-01
Reading,http://landregistry.data.gov.uk/id/region/reading,E06000038,2014-05,240,monthly,226845,450439,279618,225517,168992,2014-05-01
Reading,http://landregistry.data.gov.uk/id/region/reading,E06000038,2014-06,251,monthly,230977,458544,284908,229927,171752,2014-06-01
Reading,http://landregistry.data.gov.uk/id/region/reading,E06000038,2014-07,262,monthly,234540,466346,289707,233825,173880,2014-07-01
Reading,http://landregistry.data.gov.uk/id/region/reading,E06000038,2014-08,313,monthly,238909,477082,295635,238247,176656,2014-08-01
Reading,http://landregistry.data.gov.uk/id/region/reading,E06000038,2014-09,257,monthly,238343,477104,294798,237686,176157,2014-09-01
Reading,http://landregistry.data.gov.uk/id/region/reading,E06000038,2014-10,282,monthly,240323,481484,297340,239348,177813,2014-10-01
Reading,http://landregistry.data.gov.uk/id/region/reading,E06000038,2014-11,237,monthly,241086,482904,298075,239767,178753,2014-11-01
Reading,http://landregistry.data.gov.uk/id/region/reading,E06000038,2014-12,276,monthly,246245,493063,304382,244547,182923,2014-12-01
