dataset/UKhousing/reading.csv
"Name","URI","Region GSS code","Period","Sales volume","Reporting period","Average price All property types","Average price Detached houses","Average price Semi-detached houses","Average price Terraced houses","Average price Flats and maisonettes","Pivotable date"
Reading,http://landregistry.data.gov.uk/id/region/reading,E06000038,2015-01,195,monthly,247957,496215,306442,245988,184468,2015-01-01
Reading,http://landregistry.data.gov.uk/id/region/reading,E06000038,2015-02,228,monthly,247781,495989,305937,245461,184731,2015-02-01
Reading,http://landregistry.data.gov.uk/id/region/reading,E06000038,2015-03,239,monthly,246802,494781,305027,244184,184086,2015-03-01
Reading,http://landregistry.data.gov.uk/id/region/reading,E06000038,2015-04,250,monthly,247411,496138,305558,245137,184293,2015-04-01
Reading,http://landregistry.data.gov.uk/id/region/reading,E06000038,2015-05,305,monthly,250664,501871,310029,248432,186573,2015-05-01
Reading,http://landregistry.data.gov.uk/id/region/reading,E06000038,2015-06,254,monthly,257891,515660,319366,256440,191139,2015-06-01
Reading,http://landregistry.data.gov.uk/id/region/reading,E06000038,2015-07,285,monthly,259675,519006,322113,258198,192312,2015-07-01
Reading,http://landregistry.data.gov.uk/id/region/reading,E06000038,2015-08,288,monthly,263970,528203,327512,263139,194822,2015-08-01
Reading,http://landregistry.data.gov.uk/id/region/reading,E06000038,2015-09,259,monthly,265886,534604,329610,264648,196431,2015-09-01
Reading,http://landregistry.data.gov.uk/id/region/reading,E06000038,2015-10,281,monthly,273094,550486,338702,272021,201395,2015-10-01
Reading,http://landregistry.data.gov.uk/id/region/reading,E06000038,2015-11,243,monthly,277964,561154,345041,276598,205040,2015-11-01
Reading,http://landregistry.data.gov.uk/id/region/reading,E06000038,2015-12,227,monthly,282024,569059,350662,280428,208048,2015-12-01
Reading,http://landregistry.data.gov.uk/id/region/reading,E06000038,2016-01,188,monthly,284850,574568,354922,282797,210282,2016-01-01
Reading,http://landregistry.data.gov.uk/id/region/reading,E06000038,2016-02,225,monthly,289111,583884,360751,286710,213457,2016-02-01
Reading,http://landregistry.data.gov.uk/id/region/reading,E06000038,2016-03,461,monthly,294153,594833,366772,291731,217180,2016-03-01
Reading,http://landregistry.data.gov.uk/id/region/reading,E06000038,2016-04,194,monthly,298230,600914,371075,295927,220535,2016-04-01
Reading,http://landregistry.data.gov.uk/id/region/reading,E06000038,2016-05,155,monthly,298329,596132,369593,295912,221752,2016-05-01
Reading,http://landregistry.data.gov.uk/id/region/reading,E06000038,2016-06,261,monthly,297137,590977,367615,294638,221389,2016-06-01
Reading,http://landregistry.data.gov.uk/id/region/reading,E06000038,2016-07,291,monthly,303390,603985,375153,300921,225988,2016-07-01
Reading,http://landregistry.data.gov.uk/id/region/reading,E06000038,2016-08,255,monthly,308503,617048,381774,306129,229284,2016-08-01
Reading,http://landregistry.data.gov.uk/id/region/reading,E06000038,2016-09,213,monthly,312036,624783,386599,309550,231763,2016-09-01
Reading,http://landregistry.data.gov.uk/id/region/reading,E06000038,2016-10,201,monthly,304771,612067,377712,301327,227047,2016-10-01
Reading,http://landregistry.data.gov.uk/id/region/reading,E06000038,2016-11,184,monthly,299759,604375,371885,295539,223685,2016-11-01
Reading,http://landregistry.data.gov.uk/id/region/reading,E06000038,2016-12,214,monthly,295429,596015,365939,290686,221136,2016-12-01
Reading,http://landregistry.data.gov.uk/id/region/reading,E06000038,2017-01,194,monthly,297733,599872,368215,293322,222810,2017-01-01
Reading,http://landregistry.data.gov.uk/id/region/reading,E06000038,2017-02,195,monthly,301373,604017,371272,296782,226211,2017-02-01
Reading,http://landregistry.data.gov.uk/id/region/reading,E06000038,2017-03,222,monthly,305014,610914,375621,300250,229026,2017-03-01
Reading,http://landregistry.data.gov.uk/id/region/reading,E06000038,2017-04,164,monthly,303420,607199,373309,298485,228095,2017-04-01
Reading,http://landregistry.data.gov.uk/id/region/reading,E06000038,2017-05,171,monthly,306428,611708,377845,301364,230274,2017-05-01
Reading,http://landregistry.data.gov.uk/id/region/reading,E06000038,2017-06,239,monthly,307120,610551,378297,302382,230856,2017-06-01
Reading,http://landregistry.data.gov.uk/id/region/reading,E06000038,2017-07,216,monthly,309919,614628,381949,304958,233123,2017-07-01
Reading,http://landregistry.data.gov.uk/id/region/reading,E06000038,2017-08,236,monthly,312875,621963,385772,308630,234682,2017-08-01
Reading,http://landregistry.data.gov.uk/id/region/reading,E06000038,2017-09,205,monthly,314780,628453,388829,310570,235684,2017-09-01
Reading,http://landregistry.data.gov.uk/id/region/reading,E06000038,2017-10,226,monthly,316449,634020,391730,312068,236643,2017-10-01
Reading,http://landregistry.data.gov.uk/id/region/reading,E06000038,2017-11,256,monthly,311371,625146,386080,306636,232860,2017-11-01
Reading,http://landregistry.data.gov.uk/id/region/reading,E06000038,2017-12,197,monthly,310239,622034,385299,305730,231756,2017-12-01
Reading,http://landregistry.data.gov.uk/id/region/reading,E06000038,2018-01,170,monthly,304286,609208,377807,300044,227275,2018-01-01
Reading,http://landregistry.data.gov.uk/id/region/reading,E06000038,2018-02,180,monthly,303502,607672,376545,299331,226747,2018-02-01
Reading,http://landregistry.data.gov.uk/id/region/reading,E06000038,2018-03,178,monthly,301684,604402,374187,297528,225393,2018-03-01
Reading,http://landregistry.data.gov.uk/id/region/reading,E06000038,2018-04,155,monthly,305322,612100,379388,301891,227335,2018-04-01
Reading,http://landregistry.data.gov.uk/id/region/reading,E06000038,2018-05,179,monthly,306667,615845,382362,303765,227449,2018-05-01
Reading,http://landregistry.data.gov.uk/id/region/reading,E06000038,2018-06,223,monthly,303127,609039,378954,300341,224409,2018-06-01
Reading,http://landregistry.data.gov.uk/id/region/reading,E06000038,2018-07,211,monthly,303309,610998,379241,300515,224383,2018-07-01
Reading,http://landregistry.data.gov.uk/id/region/reading,E06000038,2018-08,266,monthly,300802,605417,375753,298409,222446,2018-08-01
Reading,http://landregistry.data.gov.uk/id/region/reading,E06000038,2018-09,215,monthly,303337,611753,378777,301248,224046,2018-09-01
Reading,http://landregistry.data.gov.uk/id/region/reading,E06000038,2018-10,195,monthly,303157,611308,378566,300762,224116,2018-10-01
Reading,http://landregistry.data.gov.uk/id/region/reading,E06000038,2018-11,194,monthly,300920,609428,376753,298627,221851,2018-11-01
Reading,http://landregistry.data.gov.uk/id/region/reading,E06000038,2018-12,189,monthly,300690,608310,376831,297903,221943,2018-12-01
Reading,http://landregistry.data.gov.uk/id/region/reading,E06000038,2019-01,160,monthly,298742,606089,375094,296091,220043,2019-01-01
Reading,http://landregistry.data.gov.uk/id/region/reading,E06000038,2019-02,148,monthly,296740,601082,372199,293420,219272,2019-02-01
Reading,http://landregistry.data.gov.uk/id/region/reading,E06000038,2019-03,167,monthly,291755,591605,366387,289111,214972,2019-03-01
Reading,http://landregistry.data.gov.uk/id/region/reading,E06000038,2019-04,196,monthly,292877,591479,367564,290945,215635,2019-04-01
Reading,http://landregistry.data.gov.uk/id/region/reading,E06000038,2019-05,168,monthly,290433,586065,365050,289605,212909,2019-05-01
Reading,http://landregistry.data.gov.uk/id/region/reading,E06000038,2019-06,220,monthly,294442,594086,370109,293541,215891,2019-06-01
Reading,http://landregistry.data.gov.uk/id/region/reading,E06000038,2019-07,204,monthly,292191,589373,367150,291244,214347,2019-07-01
Reading,http://landregistry.data.gov.uk/id/region/reading,E06000038,2019-08,202,monthly,295263,596212,371121,294580,216303,2019-08-01
Reading,http://landregistry.data.gov.uk/id/region/reading,E06000038,2019-09,207,monthly,294283,593612,369050,294061,215657,2019-09-01
Reading,http://landregistry.data.gov.uk/id/region/reading,E06000038,2019-10,201,monthly,291282,588373,366664,291036,212858,2019-10-01
Reading,http://landregistry.data.gov.uk/id/region/reading,E06000038,2019-11,191,monthly,289497,586527,365345,288957,211221,2019-11-01
Reading,http://landregistry.data.gov.uk/id/region/reading,E06000038,2019-12,139,monthly,290852,591563,368429,290507,211304,2019-12-01
Reading,http://landregistry.data.gov.uk/id/region/reading,E06000038,2020-01,175,monthly,289952,589953,367194,290082,210335,2020-01-01
Reading,http://landregistry.data.gov.uk/id/region/reading,E06000038,2020-02,158,monthly,286947,583920,363056,287301,208095,2020-02-01
Reading,http://landregistry.data.gov.uk/id/region/reading,E06000038,2020-03,127,monthly,286973,583613,362920,287102,208397,2020-03-01
Reading,http://landregistry.data.gov.uk/id/region/reading,E06000038,2020-04,54,monthly,288489,589061,365176,289208,208629,2020-04-01
Reading,http://landregistry.data.gov.uk/id/region/reading,E06000038,2020-05,67,monthly,289248,588961,366390,289726,209456,2020-05-01
Reading,http://landregistry.data.gov.uk/id/region/reading,E06000038,2020-06,120,monthly,283625,576964,359888,284749,204671,2020-06-01
Reading,http://landregistry.data.gov.uk/id/region/reading,E06000038,2020-07,138,monthly,285200,578322,361551,286072,206351,2020-07-01
Reading,http://landregistry.data.gov.uk/id/region/reading,E06000038,2020-08,138,monthly,289865,590880,368272,291640,208356,2020-08-01
Reading,http://landregistry.data.gov.uk/id/region/reading,E06000038,2020-09,163,monthly,291713,597931,370873,293440,209266,2020-09-01
Reading,http://landregistry.data.gov.uk/id/region/reading,E06000038,2020-10,150,monthly,292577,603360,372513,294584,209045,2020-10-01
Reading,http://landregistry.data.gov.uk/id/region/reading,E06000038,2020-11,167,monthly,292195,603581,371496,294273,208816,2020-11-01
Reading,http://landregistry.data.gov.uk/id/region/reading,E06000038,2020-12,218,monthly,296621,613249,377048,299271,211527,2020-12-01
Reading,http://landregistry.data.gov.uk/id/region/reading,E06000038,2021-01,193,monthly,295289,610263,375770,298192,210232,2021-01-01
Reading,http://landregistry.data.gov.uk/id/region/reading,E06000038,2021-02,232,monthly,297928,614979,379361,301442,211667,2021-02-01
Reading,http://landregistry.data.gov.uk/id/region/reading,E06000038,2021-03,293,monthly,296723,611493,378168,300693,210446,2021-03-01
Reading,http://landregistry.data.gov.uk/id/region/reading,E06000038,2021-04,197,monthly,298668,614948,379946,302460,212325,2021-04-01
Reading,http://landregistry.data.gov.uk/id/region/reading,E06000038,2021-05,168,monthly,295814,610362,376767,299310,210158,2021-05-01
Reading,http://landregistry.data.gov.uk/id/region/reading,E06000038,2021-06,383,monthly,298672,616973,380458,302967,211533,2021-06-01
Reading,http://landregistry.data.gov.uk/id/region/reading,E06000038,2021-07,65,monthly,300215,620838,383308,303455,212993,2021-07-01
Reading,http://landregistry.data.gov.uk/id/region/reading,E06000038,2021-08,73,monthly,305267,634054,391274,307956,216106,2021-08-01
Reading,http://landregistry.data.gov.uk/id/region/reading,E06000038,2021-09,122,monthly,308464,642648,396283,309994,218645,2021-09-01
Reading,http://landregistry.data.gov.uk/id/region/reading,E06000038,2021-10,,monthly,307705,648370,396860,309356,216568,2021-10-01
Reading,http://landregistry.data.gov.uk/id/region/reading,E06000038,2021-11,,monthly,311620,659848,403113,312818,218843,2021-11-01
